// Jest Snapshot v1, https://goo.gl/fbAQLP

exports[`App should match the snapshot 1`] = `
<main>
  <div
    className="search-user-page"
  >
    <h1>
      Search for a GitHub user
    </h1>
    <form
      className="form-container"
      onSubmit={[Function]}
    >
      <input
        className="search-input"
        onChange={[Function]}
        placeholder="Username"
        required={true}
      />
      <button>
        Search
      </button>
    </form>
  </div>
</main>
`;
